[11:00:14] [Client thread/INFO]: Setting user: chancellor77
[11:00:16] [Client thread/WARN]: Skipping bad option: lastServer:
[11:00:16] [Client thread/INFO]: LWJGL Version: 2.9.4
[11:00:20] [Client thread/INFO]: Reloading ResourceManager: Default, FMLFileResourcePack:Forge Mod Loader, FMLFileResourcePack:Minecraft Forge, FMLFileResourcePack:Dynamic Lights, FMLFileResourcePack:Dynamic Lights on burning, FMLFileResourcePack:Dynamic Lights on Creepers, FMLFileResourcePack:Dynamic Lights on ItemEntities, FMLFileResourcePack:Dynamic Lights on specified Entities, FMLFileResourcePack:Dynamic Lights on Mob Equipment, FMLFileResourcePack:Dynamic Lights on Flame enchanted Arrows, FMLFileResourcePack:Dynamic Lights Flood Light, FMLFileResourcePack:Dynamic Lights Other Player Light, FMLFileResourcePack:Dynamic Lights Player Light, FMLFileResourcePack:JourneyMap, FMLFileResourcePack:Mo'Bends, FMLFileResourcePack:WorldEdit, snevypackcherrybloomelytra_1.11.2.zip, snevypackcherrybloomelytra_1.11.2
[11:00:22] [Sound Library Loader/INFO]: Starting up SoundSystem...
[11:00:23] [Thread-8/INFO]: Initializing LWJGL OpenAL
[11:00:23] [Thread-8/INFO]: (The LWJGL binding of OpenAL.  For more information, see http://www.lwjgl.org)
[11:00:23] [Thread-8/INFO]: OpenAL initialized.
[11:00:23] [Sound Library Loader/INFO]: Sound engine started
[11:00:29] [Client thread/INFO]: Created: 16x16 textures-atlas
[11:00:33] [Client thread/INFO]: [STDOUT]: (MO'BENDS - INFO ) Registering Animated Entities...
[11:00:33] [Client thread/INFO]: [STDOUT]: (MO'BENDS - INFO ) Registering Player
[11:00:33] [Client thread/INFO]: [STDOUT]: (MO'BENDS - INFO ) Registering Zombie
[11:00:33] [Client thread/INFO]: [STDOUT]: (MO'BENDS - INFO ) Registering Husk
[11:00:33] [Client thread/INFO]: [STDOUT]: (MO'BENDS - INFO ) Registering Spider
[11:00:33] [Client thread/INFO]: [STDOUT]: (MO'BENDS - INFO ) Registering Cave Spider
[11:00:33] [Client thread/INFO]: [STDOUT]: (MO'BENDS - INFO ) Registering Skeleton
[11:00:33] [Client thread/INFO]: [STDOUT]: (MO'BENDS - INFO ) Registering Wither Skeleton
[11:00:33] [Client thread/INFO]: [STDOUT]: (MO'BENDS - INFO ) Registering Stray
[11:00:33] [Client thread/INFO]: [STDOUT]: [skeleton, stray, husk, zombie, cave_spider, wither_skeleton, spider, player]
[11:00:34] [Client thread/INFO]: Reloading ResourceManager: Default, FMLFileResourcePack:Forge Mod Loader, FMLFileResourcePack:Minecraft Forge, FMLFileResourcePack:Dynamic Lights, FMLFileResourcePack:Dynamic Lights on burning, FMLFileResourcePack:Dynamic Lights on Creepers, FMLFileResourcePack:Dynamic Lights on ItemEntities, FMLFileResourcePack:Dynamic Lights on specified Entities, FMLFileResourcePack:Dynamic Lights on Mob Equipment, FMLFileResourcePack:Dynamic Lights on Flame enchanted Arrows, FMLFileResourcePack:Dynamic Lights Flood Light, FMLFileResourcePack:Dynamic Lights Other Player Light, FMLFileResourcePack:Dynamic Lights Player Light, FMLFileResourcePack:JourneyMap, FMLFileResourcePack:Mo'Bends, FMLFileResourcePack:WorldEdit, snevypackcherrybloomelytra_1.11.2.zip, snevypackcherrybloomelytra_1.11.2
[11:00:36] [Client thread/INFO]: SoundSystem shutting down...
[11:00:36] [Client thread/WARN]: Author: Paul Lamb, www.paulscode.com
[11:00:36] [Sound Library Loader/INFO]: Starting up SoundSystem...
[11:00:37] [Thread-10/INFO]: Initializing LWJGL OpenAL
[11:00:37] [Thread-10/INFO]: (The LWJGL binding of OpenAL.  For more information, see http://www.lwjgl.org)
[11:00:37] [Thread-10/INFO]: OpenAL initialized.
[11:00:37] [Sound Library Loader/INFO]: Sound engine started
[11:00:45] [Client thread/INFO]: Created: 512x512 textures-atlas
[11:00:48] [Client thread/WARN]: Skipping bad option: lastServer:
[11:01:25] [Server thread/INFO]: Starting integrated minecraft server version 1.11.2
[11:01:25] [Server thread/INFO]: Generating keypair
[11:01:26] [Server thread/INFO]: Preparing start region for level 0
[11:01:27] [Server thread/INFO]: Preparing spawn area: 32%
[11:01:28] [Server thread/INFO]: Changing view distance to 8, from 10
[11:01:28] [Server thread/INFO]: chancellor77[local:E:b971967d] logged in with entity id 308 at (354.3013520313623, 126.35206985018283, 659.6543573144229)
[11:01:28] [Server thread/INFO]: chancellor77 joined the game
[11:01:29] [Server thread/INFO]: Saving and pausing game...
[11:01:29] [Server thread/INFO]: Saving chunks for level 'Blood v2'/Overworld
[11:01:29] [Server thread/INFO]: Saving chunks for level 'Blood v2'/Nether
[11:01:29] [Server thread/INFO]: Saving chunks for level 'Blood v2'/The End
[11:01:30] [Server thread/INFO]: Saving and pausing game...
[11:01:30] [Server thread/INFO]: Saving chunks for level 'Blood v2'/Overworld
[11:01:30] [Server thread/INFO]: Saving chunks for level 'Blood v2'/Nether
[11:01:30] [Server thread/INFO]: Saving chunks for level 'Blood v2'/The End
[11:01:35] [Server thread/INFO]: Saving and pausing game...
[11:01:35] [Server thread/INFO]: Saving chunks for level 'Blood v2'/Overworld
[11:01:35] [Server thread/INFO]: Saving chunks for level 'Blood v2'/Nether
[11:01:35] [Server thread/INFO]: Saving chunks for level 'Blood v2'/The End
[11:01:36] [Client thread/INFO]: [CHAT] §eJourneyMap:§f Press [§bGRAVE§f]
[11:01:37] [Server thread/INFO]: Saving and pausing game...
[11:01:37] [Server thread/INFO]: Saving chunks for level 'Blood v2'/Overworld
[11:01:37] [Server thread/INFO]: Saving chunks for level 'Blood v2'/Nether
[11:01:37] [Server thread/INFO]: Saving chunks for level 'Blood v2'/The End
[11:01:39] [Server thread/INFO]: Saving and pausing game...
[11:01:39] [Server thread/INFO]: Saving chunks for level 'Blood v2'/Overworld
[11:01:39] [Server thread/INFO]: Saving chunks for level 'Blood v2'/Nether
[11:01:39] [Server thread/INFO]: Saving chunks for level 'Blood v2'/The End
[11:01:46] [Server thread/INFO]: Saving and pausing game...
[11:01:46] [Server thread/INFO]: Saving chunks for level 'Blood v2'/Overworld
[11:01:46] [Server thread/INFO]: Saving chunks for level 'Blood v2'/Nether
[11:01:46] [Server thread/INFO]: Saving chunks for level 'Blood v2'/The End
[11:01:47] [Server thread/INFO]: Saving and pausing game...
[11:01:47] [Server thread/INFO]: Saving chunks for level 'Blood v2'/Overworld
[11:01:47] [Server thread/INFO]: Saving chunks for level 'Blood v2'/Nether
[11:01:47] [Server thread/INFO]: Saving chunks for level 'Blood v2'/The End
[11:02:08] [Server thread/INFO]: Saving and pausing game...
[11:02:08] [Server thread/INFO]: Saving chunks for level 'Blood v2'/Overworld
[11:02:08] [Server thread/INFO]: Saving chunks for level 'Blood v2'/Nether
[11:02:08] [Server thread/INFO]: Saving chunks for level 'Blood v2'/The End
[11:02:24] [Server thread/INFO]: Saving and pausing game...
[11:02:24] [Server thread/INFO]: Saving chunks for level 'Blood v2'/Overworld
[11:02:24] [Server thread/INFO]: Saving chunks for level 'Blood v2'/Nether
[11:02:24] [Server thread/INFO]: Saving chunks for level 'Blood v2'/The End
[11:03:58] [Server thread/INFO]: Saving and pausing game...
[11:03:58] [Server thread/INFO]: Saving chunks for level 'Blood v2'/Overworld
[11:03:58] [Server thread/INFO]: Saving chunks for level 'Blood v2'/Nether
[11:03:58] [Server thread/INFO]: Saving chunks for level 'Blood v2'/The End
[11:04:14] [Server thread/INFO]: Saving and pausing game...
[11:04:14] [Server thread/INFO]: Saving chunks for level 'Blood v2'/Overworld
[11:04:15] [Server thread/INFO]: Saving chunks for level 'Blood v2'/Nether
[11:04:15] [Server thread/INFO]: Saving chunks for level 'Blood v2'/The End
[11:05:46] [Server thread/INFO]: Saving and pausing game...
[11:05:46] [Server thread/INFO]: Saving chunks for level 'Blood v2'/Overworld
[11:05:46] [Server thread/INFO]: Saving chunks for level 'Blood v2'/Nether
[11:05:46] [Server thread/INFO]: Saving chunks for level 'Blood v2'/The End
[11:06:08] [Server thread/INFO]: Saving and pausing game...
[11:06:08] [Server thread/INFO]: Saving chunks for level 'Blood v2'/Overworld
[11:06:08] [Server thread/INFO]: Saving chunks for level 'Blood v2'/Nether
[11:06:08] [Server thread/INFO]: Saving chunks for level 'Blood v2'/The End
[11:08:00] [Server thread/INFO]: Saving and pausing game...
[11:08:00] [Server thread/INFO]: Saving chunks for level 'Blood v2'/Overworld
[11:08:00] [Server thread/INFO]: Saving chunks for level 'Blood v2'/Nether
[11:08:00] [Server thread/INFO]: Saving chunks for level 'Blood v2'/The End
[11:08:14] [Server thread/INFO]: Saving and pausing game...
[11:08:14] [Server thread/INFO]: Saving chunks for level 'Blood v2'/Overworld
[11:08:14] [Server thread/INFO]: Saving chunks for level 'Blood v2'/Nether
[11:08:14] [Server thread/INFO]: Saving chunks for level 'Blood v2'/The End
[11:10:11] [Server thread/INFO]: Saving and pausing game...
[11:10:11] [Server thread/INFO]: Saving chunks for level 'Blood v2'/Overworld
[11:10:11] [Server thread/INFO]: Saving chunks for level 'Blood v2'/Nether
[11:10:11] [Server thread/INFO]: Saving chunks for level 'Blood v2'/The End
[11:15:26] [Client thread/INFO]: [STDOUT]: Dynamic Lights successfully hacked Set RenderGlobal.setLightUpdates and replaced it with a ConcurrentSkipListSet!
[11:15:41] [Server thread/INFO]: Saving and pausing game...
[11:15:41] [Server thread/INFO]: Saving chunks for level 'Blood v2'/Overworld
[11:15:42] [Server thread/INFO]: Saving chunks for level 'Blood v2'/Nether
[11:15:42] [Server thread/INFO]: Saving chunks for level 'Blood v2'/The End
[11:15:53] [Server thread/INFO]: Saving and pausing game...
[11:15:53] [Server thread/INFO]: Saving chunks for level 'Blood v2'/Overworld
[11:15:53] [Server thread/INFO]: Saving chunks for level 'Blood v2'/Nether
[11:15:53] [Server thread/INFO]: Saving chunks for level 'Blood v2'/The End
[11:16:48] [Server thread/INFO]: Saving and pausing game...
[11:16:48] [Server thread/INFO]: Saving chunks for level 'Blood v2'/Overworld
[11:16:48] [Server thread/INFO]: Saving chunks for level 'Blood v2'/Nether
[11:16:48] [Server thread/INFO]: Saving chunks for level 'Blood v2'/The End
[11:17:02] [Server thread/INFO]: Saving and pausing game...
[11:17:02] [Server thread/INFO]: Saving chunks for level 'Blood v2'/Overworld
[11:17:02] [Server thread/INFO]: Saving chunks for level 'Blood v2'/Nether
[11:17:02] [Server thread/INFO]: Saving chunks for level 'Blood v2'/The End
[11:17:45] [Server thread/INFO]: Saving and pausing game...
[11:17:45] [Server thread/INFO]: Saving chunks for level 'Blood v2'/Overworld
[11:17:45] [Server thread/INFO]: Saving chunks for level 'Blood v2'/Nether
[11:17:45] [Server thread/INFO]: Saving chunks for level 'Blood v2'/The End
[11:18:23] [Server thread/INFO]: Saving and pausing game...
[11:18:23] [Server thread/INFO]: Saving chunks for level 'Blood v2'/Overworld
[11:18:23] [Server thread/INFO]: Saving chunks for level 'Blood v2'/Nether
[11:18:23] [Server thread/INFO]: Saving chunks for level 'Blood v2'/The End
[11:21:28] [Server thread/INFO]: Saving and pausing game...
[11:21:28] [Server thread/INFO]: Saving chunks for level 'Blood v2'/Overworld
[11:21:28] [Server thread/INFO]: Saving chunks for level 'Blood v2'/Nether
[11:21:28] [Server thread/INFO]: Saving chunks for level 'Blood v2'/The End
[11:23:16] [Server thread/INFO]: Saving and pausing game...
[11:23:16] [Server thread/INFO]: Saving chunks for level 'Blood v2'/Overworld
[11:23:16] [Server thread/INFO]: Saving chunks for level 'Blood v2'/Nether
[11:23:16] [Server thread/INFO]: Saving chunks for level 'Blood v2'/The End
[11:24:02] [Server thread/INFO]: Saving and pausing game...
[11:24:02] [Server thread/INFO]: Saving chunks for level 'Blood v2'/Overworld
[11:24:02] [Server thread/INFO]: Saving chunks for level 'Blood v2'/Nether
[11:24:02] [Server thread/INFO]: Saving chunks for level 'Blood v2'/The End
[11:24:43] [Server thread/INFO]: Saving and pausing game...
[11:24:43] [Server thread/INFO]: Saving chunks for level 'Blood v2'/Overworld
[11:24:43] [Server thread/INFO]: Saving chunks for level 'Blood v2'/Nether
[11:24:43] [Server thread/INFO]: Saving chunks for level 'Blood v2'/The End
[11:24:54] [Server thread/INFO]: Saving and pausing game...
[11:24:54] [Server thread/INFO]: Saving chunks for level 'Blood v2'/Overworld
[11:24:54] [Server thread/INFO]: Saving chunks for level 'Blood v2'/Nether
[11:24:54] [Server thread/INFO]: Saving chunks for level 'Blood v2'/The End
[11:25:11] [Server thread/INFO]: Saving and pausing game...
[11:25:11] [Server thread/INFO]: Saving chunks for level 'Blood v2'/Overworld
[11:25:11] [Server thread/INFO]: Saving chunks for level 'Blood v2'/Nether
[11:25:11] [Server thread/INFO]: Saving chunks for level 'Blood v2'/The End
[11:25:12] [Server thread/INFO]: Stopping server
[11:25:12] [Server thread/INFO]: Saving players
[11:25:12] [Server thread/INFO]: chancellor77 lost connection: TextComponent{text='Disconnected', siblings=[], style=Style{hasParent=false, color=null, bold=null, italic=null, underlined=null, obfuscated=null, clickEvent=null, hoverEvent=null, insertion=null}}
[11:25:12] [Server thread/INFO]: chancellor77 left the game
[11:25:12] [Server thread/INFO]: Stopping singleplayer server as player logged out
[11:25:12] [Server thread/INFO]: Saving worlds
[11:25:12] [Server thread/INFO]: Saving chunks for level 'Blood v2'/Overworld
[11:25:12] [Server thread/INFO]: Saving chunks for level 'Blood v2'/Nether
[11:25:12] [Server thread/INFO]: Saving chunks for level 'Blood v2'/The End
[11:25:14] [Client thread/INFO]: Stopping!
[11:25:14] [Client thread/INFO]: SoundSystem shutting down...
[11:25:14] [Client thread/WARN]: Author: Paul Lamb, www.paulscode.com
